// Vitest Snapshot v1, https://vitest.dev/guide/snapshot.html

exports[`BookingDetail > matches snapshot 1`] = `
<div>
  <div
    class="sc-eqUAAB cNVJat"
  >
    <div
      class="sc-fqkvVO fgNCSX"
    >
      <h4
        class="sc-dcJsrX gbeOHR"
      >
        Guest
      </h4>
      <div
        class="sc-iGgWBk eIDaCy"
      >
        <div
          class="sc-gsFSXt eKqmay"
        >
          <svg
            aria-hidden="true"
            class="lucide lucide-users"
            fill="none"
            height="14"
            stroke="currentColor"
            stroke-linecap="round"
            stroke-linejoin="round"
            stroke-width="2"
            viewBox="0 0 24 24"
            width="14"
            xmlns="http://www.w3.org/2000/svg"
          >
            <path
              d="M16 21v-2a4 4 0 0 0-4-4H6a4 4 0 0 0-4 4v2"
            />
            <path
              d="M16 3.128a4 4 0 0 1 0 7.744"
            />
            <path
              d="M22 21v-2a4 4 0 0 0-3-3.87"
            />
            <circle
              cx="9"
              cy="7"
              r="4"
            />
          </svg>
        </div>
        <div
          class="sc-kAycey ytBWL"
        >
          <span
            class="sc-imWYAH cJjjQE"
          >
            Name
          </span>
          <span
            class="sc-jXbUNf jRefNN"
          >
            Jane Smith
          </span>
        </div>
        <span
          class="sc-aXZVf fVGoBc"
        >
          Confirmed
        </span>
      </div>
      <div
        class="sc-iGgWBk eIDaCy"
      >
        <div
          class="sc-gsFSXt eKqmay"
        >
          <svg
            aria-hidden="true"
            class="lucide lucide-mail"
            fill="none"
            height="14"
            stroke="currentColor"
            stroke-linecap="round"
            stroke-linejoin="round"
            stroke-width="2"
            viewBox="0 0 24 24"
            width="14"
            xmlns="http://www.w3.org/2000/svg"
          >
            <path
              d="m22 7-8.991 5.727a2 2 0 0 1-2.009 0L2 7"
            />
            <rect
              height="16"
              rx="2"
              width="20"
              x="2"
              y="4"
            />
          </svg>
        </div>
        <div
          class="sc-kAycey ytBWL"
        >
          <span
            class="sc-imWYAH cJjjQE"
          >
            Email
          </span>
          <span
            class="sc-jXbUNf jRefNN"
          >
            jane@example.com
          </span>
        </div>
      </div>
      <div
        class="sc-iGgWBk eIDaCy"
      >
        <div
          class="sc-gsFSXt eKqmay"
        >
          <svg
            aria-hidden="true"
            class="lucide lucide-users"
            fill="none"
            height="14"
            stroke="currentColor"
            stroke-linecap="round"
            stroke-linejoin="round"
            stroke-width="2"
            viewBox="0 0 24 24"
            width="14"
            xmlns="http://www.w3.org/2000/svg"
          >
            <path
              d="M16 21v-2a4 4 0 0 0-4-4H6a4 4 0 0 0-4 4v2"
            />
            <path
              d="M16 3.128a4 4 0 0 1 0 7.744"
            />
            <path
              d="M22 21v-2a4 4 0 0 0-3-3.87"
            />
            <circle
              cx="9"
              cy="7"
              r="4"
            />
          </svg>
        </div>
        <div
          class="sc-kAycey ytBWL"
        >
          <span
            class="sc-imWYAH cJjjQE"
          >
            Guests
          </span>
          <span
            class="sc-jXbUNf jRefNN"
          >
            2
             guest
            s
          </span>
        </div>
      </div>
    </div>
    <div
      class="sc-fqkvVO fgNCSX"
    >
      <h4
        class="sc-dcJsrX gbeOHR"
      >
        Stay
      </h4>
      <div
        class="sc-iGgWBk eIDaCy"
      >
        <div
          class="sc-gsFSXt eKqmay"
        >
          <svg
            aria-hidden="true"
            class="lucide lucide-house"
            fill="none"
            height="14"
            stroke="currentColor"
            stroke-linecap="round"
            stroke-linejoin="round"
            stroke-width="2"
            viewBox="0 0 24 24"
            width="14"
            xmlns="http://www.w3.org/2000/svg"
          >
            <path
              d="M15 21v-8a1 1 0 0 0-1-1h-4a1 1 0 0 0-1 1v8"
            />
            <path
              d="M3 10a2 2 0 0 1 .709-1.528l7-6a2 2 0 0 1 2.582 0l7 6A2 2 0 0 1 21 10v9a2 2 0 0 1-2 2H5a2 2 0 0 1-2-2z"
            />
          </svg>
        </div>
        <div
          class="sc-kAycey ytBWL"
        >
          <span
            class="sc-imWYAH cJjjQE"
          >
            Property
          </span>
          <span
            class="sc-jXbUNf jRefNN"
          >
            Oceanfront Villa
             — 
            Malibu, California
          </span>
        </div>
      </div>
      <div
        class="sc-iGgWBk eIDaCy"
      >
        <div
          class="sc-gsFSXt eKqmay"
        >
          <svg
            aria-hidden="true"
            class="lucide lucide-calendar"
            fill="none"
            height="14"
            stroke="currentColor"
            stroke-linecap="round"
            stroke-linejoin="round"
            stroke-width="2"
            viewBox="0 0 24 24"
            width="14"
            xmlns="http://www.w3.org/2000/svg"
          >
            <path
              d="M8 2v4"
            />
            <path
              d="M16 2v4"
            />
            <rect
              height="18"
              rx="2"
              width="18"
              x="3"
              y="4"
            />
            <path
              d="M3 10h18"
            />
          </svg>
        </div>
        <div
          class="sc-kAycey ytBWL"
        >
          <span
            class="sc-imWYAH cJjjQE"
          >
            Check-in
          </span>
          <span
            class="sc-jXbUNf jRefNN"
          >
            Jun 10, 2030
          </span>
        </div>
      </div>
      <div
        class="sc-iGgWBk eIDaCy"
      >
        <div
          class="sc-gsFSXt eKqmay"
        >
          <svg
            aria-hidden="true"
            class="lucide lucide-calendar"
            fill="none"
            height="14"
            stroke="currentColor"
            stroke-linecap="round"
            stroke-linejoin="round"
            stroke-width="2"
            viewBox="0 0 24 24"
            width="14"
            xmlns="http://www.w3.org/2000/svg"
          >
            <path
              d="M8 2v4"
            />
            <path
              d="M16 2v4"
            />
            <rect
              height="18"
              rx="2"
              width="18"
              x="3"
              y="4"
            />
            <path
              d="M3 10h18"
            />
          </svg>
        </div>
        <div
          class="sc-kAycey ytBWL"
        >
          <span
            class="sc-imWYAH cJjjQE"
          >
            Check-out (
            5
             nights)
          </span>
          <span
            class="sc-jXbUNf jRefNN"
          >
            Jun 15, 2030
          </span>
        </div>
      </div>
    </div>
    <div
      class="sc-fqkvVO fgNCSX"
    >
      <h4
        class="sc-dcJsrX gbeOHR"
      >
        Notes
      </h4>
      <div
        class="sc-iGgWBk eIDaCy"
      >
        <div
          class="sc-gsFSXt eKqmay"
        >
          <svg
            aria-hidden="true"
            class="lucide lucide-file-text"
            fill="none"
            height="14"
            stroke="currentColor"
            stroke-linecap="round"
            stroke-linejoin="round"
            stroke-width="2"
            viewBox="0 0 24 24"
            width="14"
            xmlns="http://www.w3.org/2000/svg"
          >
            <path
              d="M6 22a2 2 0 0 1-2-2V4a2 2 0 0 1 2-2h8a2.4 2.4 0 0 1 1.704.706l3.588 3.588A2.4 2.4 0 0 1 20 8v12a2 2 0 0 1-2 2z"
            />
            <path
              d="M14 2v5a1 1 0 0 0 1 1h5"
            />
            <path
              d="M10 9H8"
            />
            <path
              d="M16 13H8"
            />
            <path
              d="M16 17H8"
            />
          </svg>
        </div>
        <div
          class="sc-kAycey ytBWL"
        >
          <span
            class="sc-jXbUNf jRefNN"
          >
            Oceanview room preferred.
          </span>
        </div>
      </div>
    </div>
    <div
      class="sc-dhKdcy jvSEAL"
    >
      <span
        class="sc-kpDqfp jrNQDZ"
      >
        5
         nights × $
        450
        /night
      </span>
      <span
        class="sc-dAlyuI StUVH"
      >
        $
        2,250
      </span>
    </div>
    <div
      class="sc-fqkvVO fgNCSX"
    >
      <h4
        class="sc-dcJsrX gbeOHR"
      >
        Metadata
      </h4>
      <div
        class="sc-iGgWBk eIDaCy"
      >
        <div
          class="sc-gsFSXt eKqmay"
        >
          <svg
            aria-hidden="true"
            class="lucide lucide-clock"
            fill="none"
            height="14"
            stroke="currentColor"
            stroke-linecap="round"
            stroke-linejoin="round"
            stroke-width="2"
            viewBox="0 0 24 24"
            width="14"
            xmlns="http://www.w3.org/2000/svg"
          >
            <circle
              cx="12"
              cy="12"
              r="10"
            />
            <path
              d="M12 6v6l4 2"
            />
          </svg>
        </div>
        <div
          class="sc-kAycey ytBWL"
        >
          <span
            class="sc-imWYAH cJjjQE"
          >
            Created at
          </span>
          <span
            class="sc-jXbUNf jRefNN"
          >
            12/31/2023, 9:00:00 PM
          </span>
        </div>
      </div>
      <div
        class="sc-iGgWBk eIDaCy"
      >
        <div
          class="sc-gsFSXt eKqmay"
        >
          <svg
            aria-hidden="true"
            class="lucide lucide-clock"
            fill="none"
            height="14"
            stroke="currentColor"
            stroke-linecap="round"
            stroke-linejoin="round"
            stroke-width="2"
            viewBox="0 0 24 24"
            width="14"
            xmlns="http://www.w3.org/2000/svg"
          >
            <circle
              cx="12"
              cy="12"
              r="10"
            />
            <path
              d="M12 6v6l4 2"
            />
          </svg>
        </div>
        <div
          class="sc-kAycey ytBWL"
        >
          <span
            class="sc-imWYAH cJjjQE"
          >
            Last updated
          </span>
          <span
            class="sc-jXbUNf jRefNN"
          >
            1/1/2024, 9:00:00 PM
          </span>
        </div>
      </div>
    </div>
    <button
      class="sc-gEvEes dLbmdl"
    >
      <svg
        aria-hidden="true"
        class="lucide lucide-pen"
        fill="none"
        height="14"
        stroke="currentColor"
        stroke-linecap="round"
        stroke-linejoin="round"
        stroke-width="2"
        viewBox="0 0 24 24"
        width="14"
        xmlns="http://www.w3.org/2000/svg"
      >
        <path
          d="M21.174 6.812a1 1 0 0 0-3.986-3.987L3.842 16.174a2 2 0 0 0-.5.83l-1.321 4.352a.5.5 0 0 0 .623.622l4.353-1.32a2 2 0 0 0 .83-.497z"
        />
      </svg>
      Edit this Booking
    </button>
  </div>
</div>
`;
