// Vitest Snapshot v1, https://vitest.dev/guide/snapshot.html

exports[`BookingCard > matches snapshot 1`] = `
<div>
  <article
    class="sc-eqUAAB klsaGQ"
    data-testid="booking-card-book-test-001"
  >
    <div
      class="sc-dcJsrX gRMqej"
    >
      <div
        class="sc-iGgWBk losSXX"
      >
        <h3
          class="sc-kpDqfp fOdamq"
        >
          Jane Smith
        </h3>
        <span
          class="sc-dAlyuI fsdvpF"
        >
          Ocean Villa
        </span>
      </div>
      <span
        class="sc-aXZVf fVGoBc"
      >
        Confirmed
      </span>
    </div>
    <div
      class="sc-kAycey kJUvwG"
    >
      <div
        class="sc-imWYAH jxZJCu"
      >
        <svg
          aria-hidden="true"
          class="lucide lucide-calendar"
          fill="none"
          height="14"
          stroke="currentColor"
          stroke-linecap="round"
          stroke-linejoin="round"
          stroke-width="2"
          viewBox="0 0 24 24"
          width="14"
          xmlns="http://www.w3.org/2000/svg"
        >
          <path
            d="M8 2v4"
          />
          <path
            d="M16 2v4"
          />
          <rect
            height="18"
            rx="2"
            width="18"
            x="3"
            y="4"
          />
          <path
            d="M3 10h18"
          />
        </svg>
        <div
          class="sc-jXbUNf jxaBBn"
        >
          <span>
            Jun 10, 2030
          </span>
          <span
            class="sc-dhKdcy btgkxG"
          >
            Check-in
          </span>
        </div>
      </div>
      <div
        class="sc-imWYAH jxZJCu"
      >
        <svg
          aria-hidden="true"
          class="lucide lucide-calendar"
          fill="none"
          height="14"
          stroke="currentColor"
          stroke-linecap="round"
          stroke-linejoin="round"
          stroke-width="2"
          viewBox="0 0 24 24"
          width="14"
          xmlns="http://www.w3.org/2000/svg"
        >
          <path
            d="M8 2v4"
          />
          <path
            d="M16 2v4"
          />
          <rect
            height="18"
            rx="2"
            width="18"
            x="3"
            y="4"
          />
          <path
            d="M3 10h18"
          />
        </svg>
        <div
          class="sc-jXbUNf jxaBBn"
        >
          <span>
            Jun 15, 2030
          </span>
          <span
            class="sc-dhKdcy btgkxG"
          >
            Check-out · 
            5
             nights
          </span>
        </div>
      </div>
      <div
        class="sc-imWYAH jxZJCu"
      >
        <svg
          aria-hidden="true"
          class="lucide lucide-mail"
          fill="none"
          height="14"
          stroke="currentColor"
          stroke-linecap="round"
          stroke-linejoin="round"
          stroke-width="2"
          viewBox="0 0 24 24"
          width="14"
          xmlns="http://www.w3.org/2000/svg"
        >
          <path
            d="m22 7-8.991 5.727a2 2 0 0 1-2.009 0L2 7"
          />
          <rect
            height="16"
            rx="2"
            width="20"
            x="2"
            y="4"
          />
        </svg>
        <div
          class="sc-jXbUNf jxaBBn"
        >
          <span>
            jane@example.com
          </span>
        </div>
      </div>
      <div
        class="sc-imWYAH jxZJCu"
      >
        <svg
          aria-hidden="true"
          class="lucide lucide-users"
          fill="none"
          height="14"
          stroke="currentColor"
          stroke-linecap="round"
          stroke-linejoin="round"
          stroke-width="2"
          viewBox="0 0 24 24"
          width="14"
          xmlns="http://www.w3.org/2000/svg"
        >
          <path
            d="M16 21v-2a4 4 0 0 0-4-4H6a4 4 0 0 0-4 4v2"
          />
          <path
            d="M16 3.128a4 4 0 0 1 0 7.744"
          />
          <path
            d="M22 21v-2a4 4 0 0 0-3-3.87"
          />
          <circle
            cx="9"
            cy="7"
            r="4"
          />
        </svg>
        <div
          class="sc-jXbUNf jxaBBn"
        >
          <span>
            2
             guest
            s
          </span>
        </div>
      </div>
      <div
        class="sc-imWYAH jxZJCu"
      >
        <svg
          aria-hidden="true"
          class="lucide lucide-dollar-sign"
          fill="none"
          height="14"
          stroke="currentColor"
          stroke-linecap="round"
          stroke-linejoin="round"
          stroke-width="2"
          viewBox="0 0 24 24"
          width="14"
          xmlns="http://www.w3.org/2000/svg"
        >
          <line
            x1="12"
            x2="12"
            y1="2"
            y2="22"
          />
          <path
            d="M17 5H9.5a3.5 3.5 0 0 0 0 7h5a3.5 3.5 0 0 1 0 7H6"
          />
        </svg>
        <div
          class="sc-jXbUNf jxaBBn"
        >
          <span>
            $
            2,250
          </span>
          <span
            class="sc-dhKdcy btgkxG"
          >
            Total
          </span>
        </div>
      </div>
    </div>
    <div
      class="sc-gsFSXt bSKVOc"
    >
      <button
        class="sc-gEvEes bqhCiL"
      >
        <svg
          aria-hidden="true"
          class="lucide lucide-eye"
          fill="none"
          height="13"
          stroke="currentColor"
          stroke-linecap="round"
          stroke-linejoin="round"
          stroke-width="2"
          viewBox="0 0 24 24"
          width="13"
          xmlns="http://www.w3.org/2000/svg"
        >
          <path
            d="M2.062 12.348a1 1 0 0 1 0-.696 10.75 10.75 0 0 1 19.876 0 1 1 0 0 1 0 .696 10.75 10.75 0 0 1-19.876 0"
          />
          <circle
            cx="12"
            cy="12"
            r="3"
          />
        </svg>
         View
      </button>
      <button
        class="sc-gEvEes bqhCiL"
        style="margin-left: auto;"
      >
        <svg
          aria-hidden="true"
          class="lucide lucide-pen"
          fill="none"
          height="13"
          stroke="currentColor"
          stroke-linecap="round"
          stroke-linejoin="round"
          stroke-width="2"
          viewBox="0 0 24 24"
          width="13"
          xmlns="http://www.w3.org/2000/svg"
        >
          <path
            d="M21.174 6.812a1 1 0 0 0-3.986-3.987L3.842 16.174a2 2 0 0 0-.5.83l-1.321 4.352a.5.5 0 0 0 .623.622l4.353-1.32a2 2 0 0 0 .83-.497z"
          />
        </svg>
         Edit
      </button>
      <button
        class="sc-gEvEes bOIUCv"
      >
        <svg
          aria-hidden="true"
          class="lucide lucide-trash2 lucide-trash-2"
          fill="none"
          height="13"
          stroke="currentColor"
          stroke-linecap="round"
          stroke-linejoin="round"
          stroke-width="2"
          viewBox="0 0 24 24"
          width="13"
          xmlns="http://www.w3.org/2000/svg"
        >
          <path
            d="M10 11v6"
          />
          <path
            d="M14 11v6"
          />
          <path
            d="M19 6v14a2 2 0 0 1-2 2H7a2 2 0 0 1-2-2V6"
          />
          <path
            d="M3 6h18"
          />
          <path
            d="M8 6V4a2 2 0 0 1 2-2h4a2 2 0 0 1 2 2v2"
          />
        </svg>
         Delete
      </button>
    </div>
  </article>
</div>
`;
